Retrieving project…
Deploying mayakos-projects-ee58882d/salon-app
Uploading [--------------------] (0.0B/56.2KB)
Uploading [======--------------] (17.9KB/56.2KB)
Uploading [============--------] (33.9KB/56.2KB)
Uploading [=================---] (49.9KB/56.2KB)
Uploading [====================] (56.2KB/56.2KB)
  Inspect     https://vercel.com/mayakos-projects-ee58882d/salon-app/Ak8eaVM7oASRGEnBDaPC6t3paQGF
▲ Production  https://salon-gutr3i41r-mayakos-projects-ee58882d.vercel.app
https://salon-gutr3i41r-mayakos-projects-ee58882d.vercel.appBuilding…
Running build in Washington, D.C., USA (East) – iad1
Build machine configuration: 2 cores, 8 GB
Build machine configuration: 2 cores, 8 GB
Retrieving list of deployment files...
Downloading 257 deployment files...
Restored build cache from previous deployment (FGqahjAB9YzSH5ApCeMzYavMHfKx)
Running "vercel build"
Vercel CLI 54.4.1
Installing dependencies...
up to date in 2s
251 packages are looking for funding
run `npm fund` for details
Detected Next.js version: 16.2.4
Running "npm run build"
> salon-app@0.1.0 build
> next build
Applying modifyConfig from Vercel
▲ Next.js 16.2.4 (Turbopack)
- Experiments (use with caution):
· serverActions
Creating an optimized production build ...
✓ Compiled successfully in 46s
Running TypeScript ...
Failed to type check.
./src/app/sales/CheckoutDialog.tsx:379:19
Type error: JSX element class does not support attributes because it does not have a 'props' property.
377 |               {readOnly && (
378 |                 <div className="bg-amber-50 text-amber-800 p-3 rounded-lg text-xs font-bo...
> 379 |                   <Lock size={14} />
|                   ^
380 |                   <span>この会計データは確定済みのため、内容の閲覧のみ可能です。</span>
381 |                 </div>
382 |               )}
Next.js build worker exited with code: 1 and signal: null
Error: Command "npm run build" exited with 1
Error: Command "npm run build" exited with 1
