Retrieving project…
Deploying mayakos-projects-ee58882d/salon-app
Uploading [--------------------] (0.0B/77.6KB)
Uploading [=====---------------] (19.9KB/77.6KB)
Uploading [============--------] (48.1KB/77.6KB)
Uploading [================----] (64.1KB/77.6KB)
Uploading [====================] (77.6KB/77.6KB)
  Inspect     https://vercel.com/mayakos-projects-ee58882d/salon-app/AGa6UNEhJryVE18h35wk8sowuMm8
▲ Production  https://salon-i5u9rzfbi-mayakos-projects-ee58882d.vercel.app
https://salon-i5u9rzfbi-mayakos-projects-ee58882d.vercel.appBuilding…
Building…
Running build in Washington, D.C., USA (East) – iad1
Build machine configuration: 2 cores, 8 GB
Retrieving list of deployment files...
Downloading 252 deployment files...
Restored build cache from previous deployment (FGqahjAB9YzSH5ApCeMzYavMHfKx)
Running "vercel build"
Vercel CLI 54.4.1
Installing dependencies...
up to date in 1s
251 packages are looking for funding
run `npm fund` for details
Detected Next.js version: 16.2.4
Running "npm run build"
> salon-app@0.1.0 build
> next build
Applying modifyConfig from Vercel
▲ Next.js 16.2.4 (Turbopack)
- Experiments (use with caution):
· serverActions
Creating an optimized production build ...
✓ Compiled successfully in 36.3s
Running TypeScript ...
Error: Command "npm run build" exited with 1
