Retrieving project…
Deploying mayakos-projects-ee58882d/salon-app
Uploading [--------------------] (0.0B/42.6KB)
Uploading [=======-------------] (16.0KB/42.6KB)
Uploading [================----] (35.8KB/42.6KB)
Uploading [====================] (42.6KB/42.6KB)
  Inspect     https://vercel.com/mayakos-projects-ee58882d/salon-app/4zEBEmF1v6XuUJvtWZMpuMM6capp
▲ Production  https://salon-f765qnwbx-mayakos-projects-ee58882d.vercel.app
https://salon-f765qnwbx-mayakos-projects-ee58882d.vercel.appBuilding…
Building…
Running build in Washington, D.C., USA (East) – iad1
Build machine configuration: 2 cores, 8 GB
Retrieving list of deployment files...
Downloading 250 deployment files...
Restored build cache from previous deployment (6tqSKDrRJAnNgkNnwqt6Hda7Yyxk)
Running "vercel build"
Vercel CLI 54.4.1
Installing dependencies...
up to date in 1s
251 packages are looking for funding
run `npm fund` for details
Detected Next.js version: 16.2.4
Running "npm run build"
> salon-app@0.1.0 build
> next build
Applying modifyConfig from Vercel
▲ Next.js 16.2.4 (Turbopack)
- Experiments (use with caution):
· serverActions
Creating an optimized production build ...
✓ Compiled successfully in 33.6s
Running TypeScript ...
Finished TypeScript in 17.1s ...
Collecting page data using 1 worker ...
Generating static pages using 1 worker (0/50) ...
Generating static pages using 1 worker (12/50)
Generating static pages using 1 worker (24/50)
Generating static pages using 1 worker (37/50)
✓ Generating static pages using 1 worker (50/50) in 992ms
Finalizing page optimization ...
Running onBuildComplete from Vercel
Route (app)
┌ ƒ /
├ ○ /_not-found
├ ○ /admin/expenses
├ ○ /admin/import
├ ○ /admin/master-data
├ ○ /admin/reviews/import
├ ○ /admin/salary-grades
├ ○ /admin/settings
├ ƒ /allowances
├ ○ /analytics
├ ƒ /api/auth/session
├ ƒ /api/fix-auth
├ ƒ /api/migrate
├ ƒ /api/webhooks/sync-reservations
├ ○ /attendance
├ ○ /attendance/kiosk
├ ○ /attendance/scanner
├ ƒ /attendance/scanner/[store]
├ ○ /attendance/setup
├ ƒ /audit
├ ○ /contracts
├ ○ /dashboard
├ ○ /dashboard/performance
├ ○ /entry
├ ○ /evaluations
├ ○ /inventory
├ ○ /kiosk/attendance
├ ƒ /link-line/[customerId]
├ ○ /login
├ ○ /manuals
├ ƒ /payroll
├ ○ /privacy
├ ○ /reservations
├ ƒ /sales
├ ƒ /shifts
├ ○ /staff
├ ○ /staff-portal
├ ○ /staff-portal/customers
├ ƒ /staff-portal/customers/[id]
├ ƒ /staff-portal/customers/[id]/counseling/[counselingId]
├ ƒ /staff-portal/customers/[id]/karte/[karteId]/edit
├ ƒ /staff-portal/customers/[id]/karte/new
├ ƒ /staff-portal/customers/[id]/treatment-results
├ ○ /staff-portal/expenses
├ ○ /staff-portal/holidays
├ ○ /staff-portal/inventory
├ ○ /staff-portal/payroll
├ ○ /staff-portal/qr
├ ○ /staff-portal/reservations
├ ○ /staff-portal/rules
├ ○ /staff-portal/sales
├ ○ /staff-portal/sales/master
├ ƒ /staff-portal/shifts
├ ○ /staff-portal/transport
├ ○ /staff-portal/transportation
├ ○ /staff/login
├ ○ /training
├ ○ /training/curriculum
├ ○ /training/seed
├ ƒ /training/staff/[staffId]/check
├ ƒ /training/staff/[staffId]/model/new
└ ƒ /training/staff/[staffId]/ojt/new
○  (Static)   prerendered as static content
ƒ  (Dynamic)  server-rendered on demand
Build Completed in /vercel/output [57s]
Deploying outputs...
Deployment completed
Creating build cache...
[2K[1A[2K[G▲ Production  https://salon-f765qnwbx-mayakos-projects-ee58882d.vercel.app
Completing…
▲ Aliased     https://www.bshare.jp

✓ Ready in 1m

Common next commands:
- `vercel inspect salon-f765qnwbx-mayakos-projects-ee58882d.vercel.app --logs`
- `vercel redeploy salon-f765qnwbx-mayakos-projects-ee58882d.vercel.app`
> Tip: Run `npx plugins add vercel/vercel-plugin` to enhance your agent experience
